// Jest Snapshot v1, https://goo.gl/fbAQLP

exports[`renders correctly 1`] = `
<div
  className="sc-ktwOfi dSPMWs"
>
  <div
    className="sc-eTNRI eHkrbZ"
    data-testid="test-spinner"
  >
    <div
      className="sc-brSamD eQuigN"
    />
  </div>
</div>
`;

exports[`renders test correctly 1`] = `
<div>
  test
</div>
`;
