// Jest Snapshot v1, https://goo.gl/fbAQLP

exports[`renders correctly 1`] = `
<div
  className="sc-csKJxZ hIcYGP"
>
  <div
    className="sc-kFCroH fvwTMG"
    data-testid="test-spinner"
  >
    <div
      className="sc-irLvIq bvdhtb"
    />
  </div>
</div>
`;

exports[`renders correctly 2`] = `null`;
